1 + 1 = 2
1 + -1 = 0
1 * 1 = 1
1 * 0 = 0
1 / 1 = 1
10 * 42 = 420
-10 * 42 = -420
420 / 10 = 42
420 / -10 = -42
max_int + 1 = -2147483648
min_int - 1 = 2147483647
max_int * max_int = 1
min_int * min_int = 0
max_int / max_int = 1
~min_int = -2147483648
~0 = 0
~42 = -42
~(-42) = 42
