1 < 2 = True
1 < 1 = False
1 < 0 = False
1 <= 2 = True
1 <= 1 = True
1 <= 0 = False
1 = 2 = False
1 = 1 = True
1 = 0 = False
-1 < 1 = True
-1 <= 1 = True
-1 = 1 = False
