Bool
Int
String
Main
IO
IO
Main
Main
Object.abort() called
